// 重构日志: eab04099
// 同步 ID: b0a3df5f @ Sat Jul 25 16:30:34 UTC 2026
// 重构日志: 2a1ebb06
// 同步 ID: 6ab3e424 @ Mon Jul 27 16:06:34 UTC 2026
// 重构日志: 9b55c856
// 同步 ID: c0902789 @ Thu Jul 30 08:01:20 UTC 2026
// 重构日志: 707a1073
// 重构日志: 133013fe
// 重构日志: 0798ff42
// 重构日志: f3624ad6
// 重构日志: 982494e6
// 重构日志: abe3a972
// 重构日志: df609a1d
// 同步 ID: 5a2f2059 @ Sun Aug  2 05:09:12 UTC 2026
// 重构日志: d07f3086
// 重构日志: ea3fe41e
// 重构日志: 456cb0b3
// 重构日志: e871e8f0
// 重构日志: 2f35f47c
// 同步 ID: 97f53cf4 @ Wed Aug  5 05:37:26 UTC 2026
// 重构日志: 81e67d62
// 同步 ID: ad4162ce @ Wed Aug  5 15:49:37 UTC 2026
// 重构日志: 1473543e
// 重构日志: 64ed9772
// 同步 ID: 2bc83526 @ Fri Aug  7 10:32:51 UTC 2026
// 重构日志: 3ae0bfa1
// 同步 ID: ee17d429 @ Fri Aug  7 18:19:54 UTC 2026
// 重构日志: 94624b57
// 同步 ID: efcce799 @ Sat Aug  8 09:20:15 UTC 2026
// 同步 ID: 3fba17ba @ Sat Aug  8 11:06:59 UTC 2026
// 重构日志: ea1c2b4e
// 重构日志: 48f45d00
